2025-09-17 11:13:13,529 INFO ver_imagen_clicked rel=fotos/hgjhgj-1758122807.png abs=C:\Users\practicante1servicio\Desktop\PruebaLectura\fotos\hgjhgj-1758122807.png
2025-09-17 11:13:13,529 INFO abrir_externo path=C:\Users\practicante1servicio\Desktop\PruebaLectura\fotos\hgjhgj-1758122807.png
2025-09-17 11:13:13,985 INFO abrir_externo_ok t=0.455s
2025-09-17 11:13:20,809 INFO ver_imagen_clicked rel=fotos/hgjhgj-1758122807.png abs=C:\Users\practicante1servicio\Desktop\PruebaLectura\fotos\hgjhgj-1758122807.png
2025-09-17 11:13:20,809 INFO abrir_externo path=C:\Users\practicante1servicio\Desktop\PruebaLectura\fotos\hgjhgj-1758122807.png
2025-09-17 11:13:21,057 INFO abrir_externo_ok t=0.249s
2025-09-17 11:13:21,058 INFO ver_imagen_clicked rel=fotos/hgjhgj-1758122807.png abs=C:\Users\practicante1servicio\Desktop\PruebaLectura\fotos\hgjhgj-1758122807.png
2025-09-17 11:13:21,058 INFO abrir_externo path=C:\Users\practicante1servicio\Desktop\PruebaLectura\fotos\hgjhgj-1758122807.png
2025-09-17 11:13:21,143 INFO abrir_externo_ok t=0.085s
2025-09-17 11:13:21,232 INFO ver_imagen_clicked rel=fotos/hgjhgj-1758122807.png abs=C:\Users\practicante1servicio\Desktop\PruebaLectura\fotos\hgjhgj-1758122807.png
2025-09-17 11:13:21,233 INFO abrir_externo path=C:\Users\practicante1servicio\Desktop\PruebaLectura\fotos\hgjhgj-1758122807.png
2025-09-17 11:13:21,380 INFO abrir_externo_ok t=0.147s
2025-09-17 11:14:21,049 INFO ver_imagen_clicked rel=fotos/sdsa-1758125654.png abs=C:\Users\practicante1servicio\Desktop\PruebaLectura\fotos\sdsa-1758125654.png
2025-09-17 11:14:21,050 INFO abrir_externo path=C:\Users\practicante1servicio\Desktop\PruebaLectura\fotos\sdsa-1758125654.png
2025-09-17 11:14:21,291 INFO abrir_externo_ok t=0.242s
2025-09-17 11:14:21,985 INFO ver_imagen_clicked rel=fotos/sdsa-1758125654.png abs=C:\Users\practicante1servicio\Desktop\PruebaLectura\fotos\sdsa-1758125654.png
2025-09-17 11:14:21,985 INFO abrir_externo path=C:\Users\practicante1servicio\Desktop\PruebaLectura\fotos\sdsa-1758125654.png
2025-09-17 11:14:22,105 INFO abrir_externo_ok t=0.120s
2025-09-17 11:15:20,024 INFO ver_imagen_clicked rel=fotos/sdsa-1758125654.png abs=C:\Users\practicante1servicio\Desktop\PruebaLectura\fotos\sdsa-1758125654.png
2025-09-17 11:15:20,025 INFO abrir_externo path=C:\Users\practicante1servicio\Desktop\PruebaLectura\fotos\sdsa-1758125654.png
2025-09-17 11:15:20,374 INFO abrir_externo_ok t=0.349s
2025-09-17 11:15:20,374 INFO ver_imagen_clicked rel=fotos/sdsa-1758125654.png abs=C:\Users\practicante1servicio\Desktop\PruebaLectura\fotos\sdsa-1758125654.png
2025-09-17 11:15:20,374 INFO abrir_externo path=C:\Users\practicante1servicio\Desktop\PruebaLectura\fotos\sdsa-1758125654.png
2025-09-17 11:15:20,524 INFO abrir_externo_ok t=0.150s
2025-09-17 11:27:02,339 INFO ver_imagen rel=fotos/dfds-1758125944.png abs=C:\Users\practicante1servicio\Desktop\PruebaLectura\fotos\dfds-1758125944.png
2025-09-17 11:27:02,340 INFO startfile path=C:\Users\practicante1servicio\Desktop\PruebaLectura\fotos\dfds-1758125944.png
2025-09-17 11:27:02,729 INFO startfile_ok
2025-09-17 11:27:02,730 INFO open_external_ok=True
2025-09-17 11:27:02,987 INFO ver_imagen rel=fotos/dfds-1758125944.png abs=C:\Users\practicante1servicio\Desktop\PruebaLectura\fotos\dfds-1758125944.png
2025-09-17 11:27:02,987 INFO startfile path=C:\Users\practicante1servicio\Desktop\PruebaLectura\fotos\dfds-1758125944.png
2025-09-17 11:27:03,140 INFO startfile_ok
2025-09-17 11:27:03,140 INFO open_external_ok=True
2025-09-17 11:27:14,747 INFO ver_imagen rel=fotos/dfds-1758125944.png abs=C:\Users\practicante1servicio\Desktop\PruebaLectura\fotos\dfds-1758125944.png
2025-09-17 11:27:14,748 INFO startfile path=C:\Users\practicante1servicio\Desktop\PruebaLectura\fotos\dfds-1758125944.png
2025-09-17 11:27:15,040 INFO startfile_ok
2025-09-17 11:27:15,040 INFO open_external_ok=True
2025-09-17 11:27:15,116 INFO ver_imagen rel=fotos/dfds-1758125944.png abs=C:\Users\practicante1servicio\Desktop\PruebaLectura\fotos\dfds-1758125944.png
2025-09-17 11:27:15,116 INFO startfile path=C:\Users\practicante1servicio\Desktop\PruebaLectura\fotos\dfds-1758125944.png
2025-09-17 11:27:15,250 INFO startfile_ok
2025-09-17 11:27:15,250 INFO open_external_ok=True
2025-09-17 11:27:15,283 INFO ver_imagen rel=fotos/dfds-1758125944.png abs=C:\Users\practicante1servicio\Desktop\PruebaLectura\fotos\dfds-1758125944.png
2025-09-17 11:27:15,283 INFO startfile path=C:\Users\practicante1servicio\Desktop\PruebaLectura\fotos\dfds-1758125944.png
2025-09-17 11:27:15,392 INFO startfile_ok
2025-09-17 11:27:15,392 INFO open_external_ok=True
2025-09-17 11:27:15,723 INFO ver_imagen rel=fotos/dfds-1758125944.png abs=C:\Users\practicante1servicio\Desktop\PruebaLectura\fotos\dfds-1758125944.png
2025-09-17 11:27:15,724 INFO startfile path=C:\Users\practicante1servicio\Desktop\PruebaLectura\fotos\dfds-1758125944.png
2025-09-17 11:27:15,853 INFO startfile_ok
2025-09-17 11:27:15,853 INFO open_external_ok=True
2025-09-17 11:27:21,092 INFO ver_imagen rel=fotos/dfds-1758125944.png abs=C:\Users\practicante1servicio\Desktop\PruebaLectura\fotos\dfds-1758125944.png
2025-09-17 11:27:21,092 INFO startfile path=C:\Users\practicante1servicio\Desktop\PruebaLectura\fotos\dfds-1758125944.png
2025-09-17 11:27:21,241 INFO startfile_ok
2025-09-17 11:27:21,241 INFO open_external_ok=True
2025-09-17 11:27:21,307 INFO ver_imagen rel=fotos/dfds-1758125944.png abs=C:\Users\practicante1servicio\Desktop\PruebaLectura\fotos\dfds-1758125944.png
2025-09-17 11:27:21,308 INFO startfile path=C:\Users\practicante1servicio\Desktop\PruebaLectura\fotos\dfds-1758125944.png
2025-09-17 11:27:21,459 INFO startfile_ok
2025-09-17 11:27:21,459 INFO open_external_ok=True
2025-09-17 11:27:21,763 INFO ver_imagen rel=fotos/dfds-1758125944.png abs=C:\Users\practicante1servicio\Desktop\PruebaLectura\fotos\dfds-1758125944.png
2025-09-17 11:27:21,763 INFO startfile path=C:\Users\practicante1servicio\Desktop\PruebaLectura\fotos\dfds-1758125944.png
2025-09-17 11:27:21,925 INFO startfile_ok
2025-09-17 11:27:21,925 INFO open_external_ok=True
2025-09-17 11:27:21,964 INFO ver_imagen rel=fotos/dfds-1758125944.png abs=C:\Users\practicante1servicio\Desktop\PruebaLectura\fotos\dfds-1758125944.png
2025-09-17 11:27:21,965 INFO startfile path=C:\Users\practicante1servicio\Desktop\PruebaLectura\fotos\dfds-1758125944.png
2025-09-17 11:27:22,113 INFO startfile_ok
2025-09-17 11:27:22,114 INFO open_external_ok=True
2025-09-17 11:27:22,147 INFO ver_imagen rel=fotos/dfds-1758125944.png abs=C:\Users\practicante1servicio\Desktop\PruebaLectura\fotos\dfds-1758125944.png
2025-09-17 11:27:22,147 INFO startfile path=C:\Users\practicante1servicio\Desktop\PruebaLectura\fotos\dfds-1758125944.png
2025-09-17 11:27:22,260 INFO startfile_ok
2025-09-17 11:27:22,260 INFO open_external_ok=True
2025-09-17 11:27:22,315 INFO ver_imagen rel=fotos/dfds-1758125944.png abs=C:\Users\practicante1servicio\Desktop\PruebaLectura\fotos\dfds-1758125944.png
2025-09-17 11:27:22,316 INFO startfile path=C:\Users\practicante1servicio\Desktop\PruebaLectura\fotos\dfds-1758125944.png
2025-09-17 11:27:22,451 INFO startfile_ok
2025-09-17 11:27:22,451 INFO open_external_ok=True
2025-09-17 11:27:22,491 INFO ver_imagen rel=fotos/dfds-1758125944.png abs=C:\Users\practicante1servicio\Desktop\PruebaLectura\fotos\dfds-1758125944.png
2025-09-17 11:27:22,492 INFO startfile path=C:\Users\practicante1servicio\Desktop\PruebaLectura\fotos\dfds-1758125944.png
2025-09-17 11:27:22,631 INFO startfile_ok
2025-09-17 11:27:22,631 INFO open_external_ok=True
2025-09-17 11:27:22,652 INFO ver_imagen rel=fotos/dfds-1758125944.png abs=C:\Users\practicante1servicio\Desktop\PruebaLectura\fotos\dfds-1758125944.png
2025-09-17 11:27:22,652 INFO startfile path=C:\Users\practicante1servicio\Desktop\PruebaLectura\fotos\dfds-1758125944.png
2025-09-17 11:27:22,809 INFO startfile_ok
2025-09-17 11:27:22,809 INFO open_external_ok=True
2025-09-17 11:27:22,820 INFO ver_imagen rel=fotos/dfds-1758125944.png abs=C:\Users\practicante1servicio\Desktop\PruebaLectura\fotos\dfds-1758125944.png
2025-09-17 11:27:22,820 INFO startfile path=C:\Users\practicante1servicio\Desktop\PruebaLectura\fotos\dfds-1758125944.png
2025-09-17 11:27:23,029 INFO startfile_ok
2025-09-17 11:27:23,030 INFO open_external_ok=True
2025-09-17 11:27:26,724 INFO ver_imagen rel=fotos/dfds-1758125944.png abs=C:\Users\practicante1servicio\Desktop\PruebaLectura\fotos\dfds-1758125944.png
2025-09-17 11:27:26,724 INFO startfile path=C:\Users\practicante1servicio\Desktop\PruebaLectura\fotos\dfds-1758125944.png
2025-09-17 11:27:26,881 INFO startfile_ok
2025-09-17 11:27:26,881 INFO open_external_ok=True
2025-09-17 11:36:27,483 INFO ver_imagen rel=fotos/saa-1758126978.png abs=C:\Users\practicante1servicio\Desktop\PruebaLectura\fotos\saa-1758126978.png
2025-09-17 11:36:27,484 INFO startfile path=C:\Users\practicante1servicio\Desktop\PruebaLectura\fotos\saa-1758126978.png
2025-09-17 11:36:27,767 INFO startfile_ok
2025-09-17 11:36:27,767 INFO open_external_ok=True
2025-09-17 11:37:17,715 INFO ver_imagen rel=fotos/saa-1758126978.png abs=C:\Users\practicante1servicio\Desktop\PruebaLectura\fotos\saa-1758126978.png
2025-09-17 11:37:17,715 INFO startfile path=C:\Users\practicante1servicio\Desktop\PruebaLectura\fotos\saa-1758126978.png
2025-09-17 11:37:18,113 INFO startfile_ok
2025-09-17 11:37:18,113 INFO open_external_ok=True
2025-09-17 11:44:18,404 INFO ver_imagen rel=fotos/dfds-1758125944.png abs=C:\Users\practicante1servicio\Desktop\PruebaLectura\fotos\dfds-1758125944.png
2025-09-17 11:44:18,405 INFO startfile path=C:\Users\practicante1servicio\Desktop\PruebaLectura\fotos\dfds-1758125944.png
2025-09-17 11:44:18,781 INFO startfile_ok
2025-09-17 11:44:18,781 INFO open_external_ok=True
2025-09-17 11:45:05,956 INFO ver_imagen rel=fotos/dfds-1758125944.png abs_try=C:\Users\practicante1servicio\Desktop\PruebaLectura\fotos\dfds-1758125944.png ok=True
2025-09-17 11:45:05,957 INFO preview_in_app C:\Users\practicante1servicio\Desktop\PruebaLectura\fotos\dfds-1758125944.png
2025-09-17 11:45:11,788 INFO ver_imagen rel=fotos/dfds-1758125944.png abs_try=C:\Users\practicante1servicio\Desktop\PruebaLectura\fotos\dfds-1758125944.png ok=True
2025-09-17 11:45:11,788 INFO preview_in_app C:\Users\practicante1servicio\Desktop\PruebaLectura\fotos\dfds-1758125944.png
2025-09-17 11:45:16,844 INFO startfile path=C:\Users\practicante1servicio\Desktop\PruebaLectura\fotos\dfds-1758125944.png
2025-09-17 11:45:17,214 INFO startfile_ok
2025-09-17 11:45:17,214 INFO open_external_ok=True
2025-09-17 11:45:23,004 INFO ver_imagen rel=fotos/dfds-1758125944.png abs_try=C:\Users\practicante1servicio\Desktop\PruebaLectura\fotos\dfds-1758125944.png ok=True
2025-09-17 11:45:23,004 INFO preview_in_app C:\Users\practicante1servicio\Desktop\PruebaLectura\fotos\dfds-1758125944.png
2025-09-17 11:45:26,460 INFO ver_imagen rel=fotos/dfds-1758125944.png abs_try=C:\Users\practicante1servicio\Desktop\PruebaLectura\fotos\dfds-1758125944.png ok=True
2025-09-17 11:45:26,460 INFO preview_in_app C:\Users\practicante1servicio\Desktop\PruebaLectura\fotos\dfds-1758125944.png
2025-09-17 11:45:53,332 INFO ver_imagen rel=fotos/dfds-1758125944.png abs_try=C:\Users\practicante1servicio\Desktop\PruebaLectura\fotos\dfds-1758125944.png ok=True
2025-09-17 11:45:53,332 INFO preview_in_app C:\Users\practicante1servicio\Desktop\PruebaLectura\fotos\dfds-1758125944.png
2025-09-17 11:46:14,980 INFO ver_imagen rel=fotos/dfds-1758125944.png abs_try=C:\Users\practicante1servicio\Desktop\PruebaLectura\fotos\dfds-1758125944.png ok=True
2025-09-17 11:46:14,980 INFO preview_in_app C:\Users\practicante1servicio\Desktop\PruebaLectura\fotos\dfds-1758125944.png
2025-09-17 11:46:17,692 INFO ver_imagen rel=fotos/sdsdf-1758127569.png abs_try=C:\Users\practicante1servicio\Desktop\PruebaLectura\fotos\sdsdf-1758127569.png ok=True
2025-09-17 11:46:17,693 INFO preview_in_app C:\Users\practicante1servicio\Desktop\PruebaLectura\fotos\sdsdf-1758127569.png
2025-09-17 11:50:14,419 INFO ver_imagen rel=fotos/dfds-1758125944.png abs_try=C:\Users\practicante1servicio\Desktop\PruebaLectura\fotos\dfds-1758125944.png ok=True
2025-09-17 11:50:14,419 INFO preview_in_app C:\Users\practicante1servicio\Desktop\PruebaLectura\fotos\dfds-1758125944.png
2025-09-17 14:13:20,807 INFO ver_imagen rel=fotos/sdsdf-1758127569.png abs_try=C:\Users\practicante1servicio\Desktop\PruebaLectura\fotos\sdsdf-1758127569.png ok=True
2025-09-17 14:13:20,808 INFO preview_in_app C:\Users\practicante1servicio\Desktop\PruebaLectura\fotos\sdsdf-1758127569.png
2025-09-17 14:14:23,390 INFO ver_imagen rel=fotos/sdsdf-1758127569.png abs_try=C:\Users\practicante1servicio\Desktop\PruebaLectura\fotos\sdsdf-1758127569.png ok=True
2025-09-17 14:14:23,391 INFO preview_in_app C:\Users\practicante1servicio\Desktop\PruebaLectura\fotos\sdsdf-1758127569.png
